-- The C compiler identification is GNU 11.4.0
-- The CXX compiler identification is GNU 11.4.0
-- Detecting C compiler ABI info
-- Detecting C compiler ABI info - done
-- Check for working C compiler: /usr/bin/cc - skipped
-- Detecting C compile features
-- Detecting C compile features - done
-- Detecting CXX compiler ABI info
-- Detecting CXX compiler ABI info - done
-- Check for working CXX compiler: /usr/bin/c++ - skipped
-- Detecting CXX compile features
-- Detecting CXX compile features - done
-- Found ament_cmake: 1.3.11 (/opt/ros/humble/share/ament_cmake/cmake)
-- Found Python3: /usr/bin/python3 (found version "3.10.12") found components: Interpreter 
-- Configuring done
-- Generating done
-- Build files have been written to: /home/dyyt/unitree_go2_description/build/unitree_go2_description
-- Install configuration: ""
-- Installing: /home/dyyt/unitree_go2_description/install/unitree_go2_description/share/unitree_go2_description//meshes
-- Installing: /home/dyyt/unitree_go2_description/install/unitree_go2_description/share/unitree_go2_description//meshes/thigh.dae
-- Installing: /home/dyyt/unitree_go2_description/install/unitree_go2_description/share/unitree_go2_description//meshes/calf.dae
-- Installing: /home/dyyt/unitree_go2_description/install/unitree_go2_description/share/unitree_go2_description//meshes/trunk.dae
-- Installing: /home/dyyt/unitree_go2_description/install/unitree_go2_description/share/unitree_go2_description//meshes/foot.dae
-- Installing: /home/dyyt/unitree_go2_description/install/unitree_go2_description/share/unitree_go2_description//meshes/calf_mirror.dae
-- Installing: /home/dyyt/unitree_go2_description/install/unitree_go2_description/share/unitree_go2_description//meshes/thigh_mirror.dae
-- Installing: /home/dyyt/unitree_go2_description/install/unitree_go2_description/share/unitree_go2_description//meshes/hip.dae
-- Installing: /home/dyyt/unitree_go2_description/install/unitree_go2_description/share/unitree_go2_description//xacro
-- Installing: /home/dyyt/unitree_go2_description/install/unitree_go2_description/share/unitree_go2_description//xacro/gazebo.xacro
-- Installing: /home/dyyt/unitree_go2_description/install/unitree_go2_description/share/unitree_go2_description//xacro/leg.xacro
-- Installing: /home/dyyt/unitree_go2_description/install/unitree_go2_description/share/unitree_go2_description//xacro/materials.xacro
-- Installing: /home/dyyt/unitree_go2_description/install/unitree_go2_description/share/unitree_go2_description//xacro/ros2_control copy.xacro
-- Installing: /home/dyyt/unitree_go2_description/install/unitree_go2_description/share/unitree_go2_description//xacro/robot.xacro
-- Installing: /home/dyyt/unitree_go2_description/install/unitree_go2_description/share/unitree_go2_description//xacro/const.xacro
-- Installing: /home/dyyt/unitree_go2_description/install/unitree_go2_description/share/unitree_go2_description//xacro/ros2_control.xacro
-- Installing: /home/dyyt/unitree_go2_description/install/unitree_go2_description/share/unitree_go2_description//launch
-- Installing: /home/dyyt/unitree_go2_description/install/unitree_go2_description/share/unitree_go2_description//launch/hw.launch copy.py
-- Installing: /home/dyyt/unitree_go2_description/install/unitree_go2_description/share/unitree_go2_description//launch/visualize.launch.py
-- Installing: /home/dyyt/unitree_go2_description/install/unitree_go2_description/share/unitree_go2_description//launch/unitree_guide.launch.py
-- Installing: /home/dyyt/unitree_go2_description/install/unitree_go2_description/share/unitree_go2_description//launch/gazebo.launch copy.py
-- Installing: /home/dyyt/unitree_go2_description/install/unitree_go2_description/share/unitree_go2_description//launch/hw.launch.py
-- Installing: /home/dyyt/unitree_go2_description/install/unitree_go2_description/share/unitree_go2_description//launch/gazebo.launch.py
-- Installing: /home/dyyt/unitree_go2_description/install/unitree_go2_description/share/unitree_go2_description//launch/test_joint_trajectory_controller.launch.py
-- Installing: /home/dyyt/unitree_go2_description/install/unitree_go2_description/share/unitree_go2_description//config
-- Installing: /home/dyyt/unitree_go2_description/install/unitree_go2_description/share/unitree_go2_description//config/robot_control_gazebo.yaml
-- Installing: /home/dyyt/unitree_go2_description/install/unitree_go2_description/share/unitree_go2_description//config/joint_trajectory_publisher.yaml
-- Installing: /home/dyyt/unitree_go2_description/install/unitree_go2_description/share/unitree_go2_description//config/robot_control_gazebo copy.yaml
-- Installing: /home/dyyt/unitree_go2_description/install/unitree_go2_description/share/unitree_go2_description//config/ocs2
-- Installing: /home/dyyt/unitree_go2_description/install/unitree_go2_description/share/unitree_go2_description//config/ocs2/task.info
-- Installing: /home/dyyt/unitree_go2_description/install/unitree_go2_description/share/unitree_go2_description//config/ocs2/reference.info
-- Installing: /home/dyyt/unitree_go2_description/install/unitree_go2_description/share/unitree_go2_description//config/ocs2/gait.info
-- Installing: /home/dyyt/unitree_go2_description/install/unitree_go2_description/share/unitree_go2_description//config/visualize_urdf.rviz
-- Installing: /home/dyyt/unitree_go2_description/install/unitree_go2_description/share/unitree_go2_description//config/gazebo.rviz
-- Installing: /home/dyyt/unitree_go2_description/install/unitree_go2_description/share/unitree_go2_description//config/robot_control.yaml
-- Installing: /home/dyyt/unitree_go2_description/install/unitree_go2_description/share/unitree_go2_description//config/joint_trajectory_publisher copy.yaml
-- Installing: /home/dyyt/unitree_go2_description/install/unitree_go2_description/share/unitree_go2_description//world
-- Installing: /home/dyyt/unitree_go2_description/install/unitree_go2_description/share/unitree_go2_description//world/wall.world
-- Installing: /home/dyyt/unitree_go2_description/install/unitree_go2_description/share/unitree_go2_description//world/empty_world.world
-- Installing: /home/dyyt/unitree_go2_description/install/unitree_go2_description/share/unitree_go2_description//urdf
-- Installing: /home/dyyt/unitree_go2_description/install/unitree_go2_description/share/unitree_go2_description//urdf/robot.urdf
-- Installing: /home/dyyt/unitree_go2_description/install/unitree_go2_description/share/ament_index/resource_index/package_run_dependencies/unitree_go2_description
-- Installing: /home/dyyt/unitree_go2_description/install/unitree_go2_description/share/ament_index/resource_index/parent_prefix_path/unitree_go2_description
-- Installing: /home/dyyt/unitree_go2_description/install/unitree_go2_description/share/unitree_go2_description/environment/ament_prefix_path.sh
-- Installing: /home/dyyt/unitree_go2_description/install/unitree_go2_description/share/unitree_go2_description/environment/ament_prefix_path.dsv
-- Installing: /home/dyyt/unitree_go2_description/install/unitree_go2_description/share/unitree_go2_description/environment/path.sh
-- Installing: /home/dyyt/unitree_go2_description/install/unitree_go2_description/share/unitree_go2_description/environment/path.dsv
-- Installing: /home/dyyt/unitree_go2_description/install/unitree_go2_description/share/unitree_go2_description/local_setup.bash
-- Installing: /home/dyyt/unitree_go2_description/install/unitree_go2_description/share/unitree_go2_description/local_setup.sh
-- Installing: /home/dyyt/unitree_go2_description/install/unitree_go2_description/share/unitree_go2_description/local_setup.zsh
-- Installing: /home/dyyt/unitree_go2_description/install/unitree_go2_description/share/unitree_go2_description/local_setup.dsv
-- Installing: /home/dyyt/unitree_go2_description/install/unitree_go2_description/share/unitree_go2_description/package.dsv
-- Installing: /home/dyyt/unitree_go2_description/install/unitree_go2_description/share/ament_index/resource_index/packages/unitree_go2_description
-- Installing: /home/dyyt/unitree_go2_description/install/unitree_go2_description/share/unitree_go2_description/cmake/unitree_go2_descriptionConfig.cmake
-- Installing: /home/dyyt/unitree_go2_description/install/unitree_go2_description/share/unitree_go2_description/cmake/unitree_go2_descriptionConfig-version.cmake
-- Installing: /home/dyyt/unitree_go2_description/install/unitree_go2_description/share/unitree_go2_description/package.xml
