[0.014s] Invoking command in '/home/dyyt/unitree_go2_description/build/unitree_go2_description': CMAKE_PREFIX_PATH=${CMAKE_PREFIX_PATH}:/opt/ros/humble /usr/bin/cmake /home/dyyt/unitree_go2_description -DCMAKE_INSTALL_PREFIX=/home/dyyt/unitree_go2_description/install/unitree_go2_description
[0.084s] -- The C compiler identification is GNU 11.4.0
[0.132s] -- The CXX compiler identification is GNU 11.4.0
[0.139s] -- Detecting C compiler ABI info
[0.211s] -- Detecting C compiler ABI info - done
[0.216s] -- Check for working C compiler: /usr/bin/cc - skipped
[0.216s] -- Detecting C compile features
[0.216s] -- Detecting C compile features - done
[0.218s] -- Detecting CXX compiler ABI info
[0.301s] -- Detecting CXX compiler ABI info - done
[0.306s] -- Check for working CXX compiler: /usr/bin/c++ - skipped
[0.306s] -- Detecting CXX compile features
[0.307s] -- Detecting CXX compile features - done
[0.313s] -- Found ament_cmake: 1.3.11 (/opt/ros/humble/share/ament_cmake/cmake)
[0.449s] -- Found Python3: /usr/bin/python3 (found version "3.10.12") found components: Interpreter 
[0.620s] -- Configuring done
[0.623s] -- Generating done
[0.623s] -- Build files have been written to: /home/dyyt/unitree_go2_description/build/unitree_go2_description
[0.628s] Invoked command in '/home/dyyt/unitree_go2_description/build/unitree_go2_description' returned '0': CMAKE_PREFIX_PATH=${CMAKE_PREFIX_PATH}:/opt/ros/humble /usr/bin/cmake /home/dyyt/unitree_go2_description -DCMAKE_INSTALL_PREFIX=/home/dyyt/unitree_go2_description/install/unitree_go2_description
[0.629s] Invoking command in '/home/dyyt/unitree_go2_description/build/unitree_go2_description': CMAKE_PREFIX_PATH=${CMAKE_PREFIX_PATH}:/opt/ros/humble /usr/bin/cmake --build /home/dyyt/unitree_go2_description/build/unitree_go2_description -- -j16 -l16
[0.672s] Invoked command in '/home/dyyt/unitree_go2_description/build/unitree_go2_description' returned '0': CMAKE_PREFIX_PATH=${CMAKE_PREFIX_PATH}:/opt/ros/humble /usr/bin/cmake --build /home/dyyt/unitree_go2_description/build/unitree_go2_description -- -j16 -l16
[0.713s] Invoking command in '/home/dyyt/unitree_go2_description/build/unitree_go2_description': CMAKE_PREFIX_PATH=${CMAKE_PREFIX_PATH}:/opt/ros/humble /usr/bin/cmake --install /home/dyyt/unitree_go2_description/build/unitree_go2_description
[0.723s] -- Install configuration: ""
[0.723s] -- Installing: /home/dyyt/unitree_go2_description/install/unitree_go2_description/share/unitree_go2_description//meshes
[0.723s] -- Installing: /home/dyyt/unitree_go2_description/install/unitree_go2_description/share/unitree_go2_description//meshes/thigh.dae
[0.727s] -- Installing: /home/dyyt/unitree_go2_description/install/unitree_go2_description/share/unitree_go2_description//meshes/calf.dae
[0.728s] -- Installing: /home/dyyt/unitree_go2_description/install/unitree_go2_description/share/unitree_go2_description//meshes/trunk.dae
[0.739s] -- Installing: /home/dyyt/unitree_go2_description/install/unitree_go2_description/share/unitree_go2_description//meshes/foot.dae
[0.739s] -- Installing: /home/dyyt/unitree_go2_description/install/unitree_go2_description/share/unitree_go2_description//meshes/calf_mirror.dae
[0.740s] -- Installing: /home/dyyt/unitree_go2_description/install/unitree_go2_description/share/unitree_go2_description//meshes/thigh_mirror.dae
[0.744s] -- Installing: /home/dyyt/unitree_go2_description/install/unitree_go2_description/share/unitree_go2_description//meshes/hip.dae
[0.749s] -- Installing: /home/dyyt/unitree_go2_description/install/unitree_go2_description/share/unitree_go2_description//xacro
[0.749s] -- Installing: /home/dyyt/unitree_go2_description/install/unitree_go2_description/share/unitree_go2_description//xacro/gazebo.xacro
[0.749s] -- Installing: /home/dyyt/unitree_go2_description/install/unitree_go2_description/share/unitree_go2_description//xacro/leg.xacro
[0.749s] -- Installing: /home/dyyt/unitree_go2_description/install/unitree_go2_description/share/unitree_go2_description//xacro/materials.xacro
[0.749s] -- Installing: /home/dyyt/unitree_go2_description/install/unitree_go2_description/share/unitree_go2_description//xacro/ros2_control copy.xacro
[0.749s] -- Installing: /home/dyyt/unitree_go2_description/install/unitree_go2_description/share/unitree_go2_description//xacro/robot.xacro
[0.749s] -- Installing: /home/dyyt/unitree_go2_description/install/unitree_go2_description/share/unitree_go2_description//xacro/const.xacro
[0.749s] -- Installing: /home/dyyt/unitree_go2_description/install/unitree_go2_description/share/unitree_go2_description//xacro/ros2_control.xacro
[0.749s] -- Installing: /home/dyyt/unitree_go2_description/install/unitree_go2_description/share/unitree_go2_description//launch
[0.749s] -- Installing: /home/dyyt/unitree_go2_description/install/unitree_go2_description/share/unitree_go2_description//launch/hw.launch copy.py
[0.749s] -- Installing: /home/dyyt/unitree_go2_description/install/unitree_go2_description/share/unitree_go2_description//launch/visualize.launch.py
[0.750s] -- Installing: /home/dyyt/unitree_go2_description/install/unitree_go2_description/share/unitree_go2_description//launch/unitree_guide.launch.py
[0.750s] -- Installing: /home/dyyt/unitree_go2_description/install/unitree_go2_description/share/unitree_go2_description//launch/gazebo.launch copy.py
[0.750s] -- Installing: /home/dyyt/unitree_go2_description/install/unitree_go2_description/share/unitree_go2_description//launch/hw.launch.py
[0.750s] -- Installing: /home/dyyt/unitree_go2_description/install/unitree_go2_description/share/unitree_go2_description//launch/gazebo.launch.py
[0.750s] -- Installing: /home/dyyt/unitree_go2_description/install/unitree_go2_description/share/unitree_go2_description//launch/test_joint_trajectory_controller.launch.py
[0.750s] -- Installing: /home/dyyt/unitree_go2_description/install/unitree_go2_description/share/unitree_go2_description//config
[0.750s] -- Installing: /home/dyyt/unitree_go2_description/install/unitree_go2_description/share/unitree_go2_description//config/robot_control_gazebo.yaml
[0.750s] -- Installing: /home/dyyt/unitree_go2_description/install/unitree_go2_description/share/unitree_go2_description//config/joint_trajectory_publisher.yaml
[0.750s] -- Installing: /home/dyyt/unitree_go2_description/install/unitree_go2_description/share/unitree_go2_description//config/robot_control_gazebo copy.yaml
[0.751s] -- Installing: /home/dyyt/unitree_go2_description/install/unitree_go2_description/share/unitree_go2_description//config/ocs2
[0.751s] -- Installing: /home/dyyt/unitree_go2_description/install/unitree_go2_description/share/unitree_go2_description//config/ocs2/task.info
[0.751s] -- Installing: /home/dyyt/unitree_go2_description/install/unitree_go2_description/share/unitree_go2_description//config/ocs2/reference.info
[0.751s] -- Installing: /home/dyyt/unitree_go2_description/install/unitree_go2_description/share/unitree_go2_description//config/ocs2/gait.info
[0.751s] -- Installing: /home/dyyt/unitree_go2_description/install/unitree_go2_description/share/unitree_go2_description//config/visualize_urdf.rviz
[0.751s] -- Installing: /home/dyyt/unitree_go2_description/install/unitree_go2_description/share/unitree_go2_description//config/gazebo.rviz
[0.751s] -- Installing: /home/dyyt/unitree_go2_description/install/unitree_go2_description/share/unitree_go2_description//config/robot_control.yaml
[0.751s] -- Installing: /home/dyyt/unitree_go2_description/install/unitree_go2_description/share/unitree_go2_description//config/joint_trajectory_publisher copy.yaml
[0.751s] -- Installing: /home/dyyt/unitree_go2_description/install/unitree_go2_description/share/unitree_go2_description//world
[0.751s] -- Installing: /home/dyyt/unitree_go2_description/install/unitree_go2_description/share/unitree_go2_description//world/wall.world
[0.751s] -- Installing: /home/dyyt/unitree_go2_description/install/unitree_go2_description/share/unitree_go2_description//world/empty_world.world
[0.752s] -- Installing: /home/dyyt/unitree_go2_description/install/unitree_go2_description/share/unitree_go2_description//urdf
[0.752s] -- Installing: /home/dyyt/unitree_go2_description/install/unitree_go2_description/share/unitree_go2_description//urdf/robot.urdf
[0.752s] -- Installing: /home/dyyt/unitree_go2_description/install/unitree_go2_description/share/ament_index/resource_index/package_run_dependencies/unitree_go2_description
[0.752s] -- Installing: /home/dyyt/unitree_go2_description/install/unitree_go2_description/share/ament_index/resource_index/parent_prefix_path/unitree_go2_description
[0.752s] -- Installing: /home/dyyt/unitree_go2_description/install/unitree_go2_description/share/unitree_go2_description/environment/ament_prefix_path.sh
[0.752s] -- Installing: /home/dyyt/unitree_go2_description/install/unitree_go2_description/share/unitree_go2_description/environment/ament_prefix_path.dsv
[0.752s] -- Installing: /home/dyyt/unitree_go2_description/install/unitree_go2_description/share/unitree_go2_description/environment/path.sh
[0.753s] -- Installing: /home/dyyt/unitree_go2_description/install/unitree_go2_description/share/unitree_go2_description/environment/path.dsv
[0.753s] -- Installing: /home/dyyt/unitree_go2_description/install/unitree_go2_description/share/unitree_go2_description/local_setup.bash
[0.753s] -- Installing: /home/dyyt/unitree_go2_description/install/unitree_go2_description/share/unitree_go2_description/local_setup.sh
[0.753s] -- Installing: /home/dyyt/unitree_go2_description/install/unitree_go2_description/share/unitree_go2_description/local_setup.zsh
[0.753s] -- Installing: /home/dyyt/unitree_go2_description/install/unitree_go2_description/share/unitree_go2_description/local_setup.dsv
[0.753s] -- Installing: /home/dyyt/unitree_go2_description/install/unitree_go2_description/share/unitree_go2_description/package.dsv
[0.753s] -- Installing: /home/dyyt/unitree_go2_description/install/unitree_go2_description/share/ament_index/resource_index/packages/unitree_go2_description
[0.753s] -- Installing: /home/dyyt/unitree_go2_description/install/unitree_go2_description/share/unitree_go2_description/cmake/unitree_go2_descriptionConfig.cmake
[0.754s] -- Installing: /home/dyyt/unitree_go2_description/install/unitree_go2_description/share/unitree_go2_description/cmake/unitree_go2_descriptionConfig-version.cmake
[0.754s] -- Installing: /home/dyyt/unitree_go2_description/install/unitree_go2_description/share/unitree_go2_description/package.xml
[0.756s] Invoked command in '/home/dyyt/unitree_go2_description/build/unitree_go2_description' returned '0': CMAKE_PREFIX_PATH=${CMAKE_PREFIX_PATH}:/opt/ros/humble /usr/bin/cmake --install /home/dyyt/unitree_go2_description/build/unitree_go2_description
