[0.087s] DEBUG:colcon:Command line arguments: ['/usr/bin/colcon', 'build']
[0.087s] DEBUG:colcon:Parsed command line arguments: Namespace(log_base=None, log_level=None, verb_name='build', build_base='build', install_base='install', merge_install=False, symlink_install=False, test_result_base=None, continue_on_error=False, executor='parallel', parallel_workers=16, event_handlers=None, ignore_user_meta=False, metas=['./colcon.meta'], base_paths=['.'], packages_ignore=None, packages_ignore_regex=None, paths=None, packages_up_to=None, packages_up_to_regex=None, packages_above=None, packages_above_and_dependencies=None, packages_above_depth=None, packages_select_by_dep=None, packages_skip_by_dep=None, packages_skip_up_to=None, packages_select_build_failed=False, packages_skip_build_finished=False, packages_select_test_failures=False, packages_skip_test_passed=False, packages_select=None, packages_skip=None, packages_select_regex=None, packages_skip_regex=None, packages_start=None, packages_end=None, allow_overriding=[], cmake_args=None, cmake_target=None, cmake_target_skip_unavailable=False, cmake_clean_cache=False, cmake_clean_first=False, cmake_force_configure=False, ament_cmake_args=None, catkin_cmake_args=None, catkin_skip_building_tests=False, verb_parser=<colcon_defaults.argument_parser.defaults.DefaultArgumentsDecorator object at 0x7bf1ae608520>, verb_extension=<colcon_core.verb.build.BuildVerb object at 0x7bf1ae7d3f10>, main=<bound method BuildVerb.main of <colcon_core.verb.build.BuildVerb object at 0x7bf1ae7d3f10>>)
[0.333s] Level 1:colcon.colcon_core.package_discovery:discover_packages(colcon_meta) check parameters
[0.334s] Level 1:colcon.colcon_core.package_discovery:discover_packages(recursive) check parameters
[0.334s] Level 1:colcon.colcon_core.package_discovery:discover_packages(ignore) check parameters
[0.334s] Level 1:colcon.colcon_core.package_discovery:discover_packages(path) check parameters
[0.334s] Level 1:colcon.colcon_core.package_discovery:discover_packages(colcon_meta) discover
[0.334s] Level 1:colcon.colcon_core.package_discovery:discover_packages(recursive) discover
[0.334s] INFO:colcon.colcon_core.package_discovery:Crawling recursively for packages in '/home/dyyt/unitree_go2_description'
[0.334s] Level 1:colcon.colcon_core.package_identification:_identify(.) by extensions ['ignore', 'ignore_ament_install']
[0.334s] Level 1:colcon.colcon_core.package_identification:_identify(.) by extension 'ignore'
[0.334s] Level 1:colcon.colcon_core.package_identification:_identify(.) by extension 'ignore_ament_install'
[0.334s] Level 1:colcon.colcon_core.package_identification:_identify(.) by extensions ['colcon_pkg']
[0.334s] Level 1:colcon.colcon_core.package_identification:_identify(.) by extension 'colcon_pkg'
[0.334s] Level 1:colcon.colcon_core.package_identification:_identify(.) by extensions ['colcon_meta']
[0.334s] Level 1:colcon.colcon_core.package_identification:_identify(.) by extension 'colcon_meta'
[0.334s] Level 1:colcon.colcon_core.package_identification:_identify(.) by extensions ['ros']
[0.334s] Level 1:colcon.colcon_core.package_identification:_identify(.) by extension 'ros'
[0.343s] DEBUG:colcon.colcon_core.package_identification:Package '.' with type 'ros.ament_cmake' and name 'unitree_go2_description'
[0.343s] Level 1:colcon.colcon_core.package_discovery:discover_packages(recursive) using defaults
[0.343s] Level 1:colcon.colcon_core.package_discovery:discover_packages(ignore) discover
[0.343s] Level 1:colcon.colcon_core.package_discovery:discover_packages(ignore) using defaults
[0.343s] Level 1:colcon.colcon_core.package_discovery:discover_packages(path) discover
[0.343s] Level 1:colcon.colcon_core.package_discovery:discover_packages(path) using defaults
[0.357s] Level 1:colcon.colcon_core.package_discovery:discover_packages(prefix_path) check parameters
[0.357s] Level 1:colcon.colcon_core.package_discovery:discover_packages(prefix_path) discover
[0.358s] DEBUG:colcon.colcon_installed_package_information.package_discovery:Found 1 installed packages in /home/dyyt/unitree_go2_description/install
[0.363s] DEBUG:colcon.colcon_installed_package_information.package_discovery:Found 1703 installed packages in /opt/ros/humble
[0.368s] Level 1:colcon.colcon_core.package_discovery:discover_packages(prefix_path) using defaults
[0.479s] Level 5:colcon.colcon_core.verb:set package 'unitree_go2_description' build argument 'cmake_args' from command line to 'None'
[0.480s] Level 5:colcon.colcon_core.verb:set package 'unitree_go2_description' build argument 'cmake_target' from command line to 'None'
[0.480s] Level 5:colcon.colcon_core.verb:set package 'unitree_go2_description' build argument 'cmake_target_skip_unavailable' from command line to 'False'
[0.480s] Level 5:colcon.colcon_core.verb:set package 'unitree_go2_description' build argument 'cmake_clean_cache' from command line to 'False'
[0.480s] Level 5:colcon.colcon_core.verb:set package 'unitree_go2_description' build argument 'cmake_clean_first' from command line to 'False'
[0.480s] Level 5:colcon.colcon_core.verb:set package 'unitree_go2_description' build argument 'cmake_force_configure' from command line to 'False'
[0.480s] Level 5:colcon.colcon_core.verb:set package 'unitree_go2_description' build argument 'ament_cmake_args' from command line to 'None'
[0.480s] Level 5:colcon.colcon_core.verb:set package 'unitree_go2_description' build argument 'catkin_cmake_args' from command line to 'None'
[0.480s] Level 5:colcon.colcon_core.verb:set package 'unitree_go2_description' build argument 'catkin_skip_building_tests' from command line to 'False'
[0.480s] DEBUG:colcon.colcon_core.verb:Building package 'unitree_go2_description' with the following arguments: {'ament_cmake_args': None, 'build_base': '/home/dyyt/unitree_go2_description/build/unitree_go2_description', 'catkin_cmake_args': None, 'catkin_skip_building_tests': False, 'cmake_args': None, 'cmake_clean_cache': False, 'cmake_clean_first': False, 'cmake_force_configure': False, 'cmake_target': None, 'cmake_target_skip_unavailable': False, 'install_base': '/home/dyyt/unitree_go2_description/install/unitree_go2_description', 'merge_install': False, 'path': '/home/dyyt/unitree_go2_description', 'symlink_install': False, 'test_result_base': None}
[0.480s] INFO:colcon.colcon_core.executor:Executing jobs using 'parallel' executor
[0.481s] DEBUG:colcon.colcon_parallel_executor.executor.parallel:run_until_complete
[0.481s] INFO:colcon.colcon_ros.task.ament_cmake.build:Building ROS package in '/home/dyyt/unitree_go2_description' with build type 'ament_cmake'
[0.481s] INFO:colcon.colcon_cmake.task.cmake.build:Building CMake package in '/home/dyyt/unitree_go2_description'
[0.483s] INFO:colcon.colcon_core.plugin_system:Skipping extension 'colcon_core.shell.bat': Not used on non-Windows systems
[0.483s] INFO:colcon.colcon_core.shell:Skip shell extension 'powershell' for command environment: Not usable outside of PowerShell
[0.483s] DEBUG:colcon.colcon_core.shell:Skip shell extension 'dsv' for command environment
[0.496s] DEBUG:colcon.colcon_core.event_handler.log_command:Invoking command in '/home/dyyt/unitree_go2_description/build/unitree_go2_description': CMAKE_PREFIX_PATH=${CMAKE_PREFIX_PATH}:/opt/ros/humble /usr/bin/cmake --build /home/dyyt/unitree_go2_description/build/unitree_go2_description -- -j16 -l16
[0.536s] DEBUG:colcon.colcon_core.event_handler.log_command:Invoked command in '/home/dyyt/unitree_go2_description/build/unitree_go2_description' returned '0': CMAKE_PREFIX_PATH=${CMAKE_PREFIX_PATH}:/opt/ros/humble /usr/bin/cmake --build /home/dyyt/unitree_go2_description/build/unitree_go2_description -- -j16 -l16
[0.576s] DEBUG:colcon.colcon_core.event_handler.log_command:Invoking command in '/home/dyyt/unitree_go2_description/build/unitree_go2_description': CMAKE_PREFIX_PATH=${CMAKE_PREFIX_PATH}:/opt/ros/humble /usr/bin/cmake --install /home/dyyt/unitree_go2_description/build/unitree_go2_description
[0.587s] Level 1:colcon.colcon_core.environment:create_environment_scripts_only(unitree_go2_description)
[0.588s] DEBUG:colcon.colcon_core.event_handler.log_command:Invoked command in '/home/dyyt/unitree_go2_description/build/unitree_go2_description' returned '0': CMAKE_PREFIX_PATH=${CMAKE_PREFIX_PATH}:/opt/ros/humble /usr/bin/cmake --install /home/dyyt/unitree_go2_description/build/unitree_go2_description
[0.589s] Level 1:colcon.colcon_core.environment:checking '/home/dyyt/unitree_go2_description/install/unitree_go2_description' for CMake module files
[0.590s] Level 1:colcon.colcon_core.environment:checking '/home/dyyt/unitree_go2_description/install/unitree_go2_description' for CMake config files
[0.590s] Level 1:colcon.colcon_core.shell:create_environment_hook('unitree_go2_description', 'cmake_prefix_path')
[0.590s] INFO:colcon.colcon_core.shell:Creating environment hook '/home/dyyt/unitree_go2_description/install/unitree_go2_description/share/unitree_go2_description/hook/cmake_prefix_path.ps1'
[0.591s] INFO:colcon.colcon_core.shell:Creating environment descriptor '/home/dyyt/unitree_go2_description/install/unitree_go2_description/share/unitree_go2_description/hook/cmake_prefix_path.dsv'
[0.591s] INFO:colcon.colcon_core.shell:Creating environment hook '/home/dyyt/unitree_go2_description/install/unitree_go2_description/share/unitree_go2_description/hook/cmake_prefix_path.sh'
[0.592s] Level 1:colcon.colcon_core.environment:checking '/home/dyyt/unitree_go2_description/install/unitree_go2_description/bin'
[0.592s] Level 1:colcon.colcon_core.environment:checking '/home/dyyt/unitree_go2_description/install/unitree_go2_description/lib/pkgconfig/unitree_go2_description.pc'
[0.592s] Level 1:colcon.colcon_core.environment:checking '/home/dyyt/unitree_go2_description/install/unitree_go2_description/lib/python3.10/site-packages'
[0.592s] Level 1:colcon.colcon_core.environment:checking '/home/dyyt/unitree_go2_description/install/unitree_go2_description/bin'
[0.592s] INFO:colcon.colcon_core.shell:Creating package script '/home/dyyt/unitree_go2_description/install/unitree_go2_description/share/unitree_go2_description/package.ps1'
[0.593s] INFO:colcon.colcon_core.shell:Creating package descriptor '/home/dyyt/unitree_go2_description/install/unitree_go2_description/share/unitree_go2_description/package.dsv'
[0.593s] INFO:colcon.colcon_core.shell:Creating package script '/home/dyyt/unitree_go2_description/install/unitree_go2_description/share/unitree_go2_description/package.sh'
[0.594s] INFO:colcon.colcon_core.shell:Creating package script '/home/dyyt/unitree_go2_description/install/unitree_go2_description/share/unitree_go2_description/package.bash'
[0.594s] INFO:colcon.colcon_core.shell:Creating package script '/home/dyyt/unitree_go2_description/install/unitree_go2_description/share/unitree_go2_description/package.zsh'
[0.595s] Level 1:colcon.colcon_core.environment:create_file_with_runtime_dependencies(/home/dyyt/unitree_go2_description/install/unitree_go2_description/share/colcon-core/packages/unitree_go2_description)
[0.627s] Level 1:colcon.colcon_core.environment:create_environment_scripts_only(unitree_go2_description)
[0.628s] Level 1:colcon.colcon_core.environment:checking '/home/dyyt/unitree_go2_description/install/unitree_go2_description' for CMake module files
[0.628s] Level 1:colcon.colcon_core.environment:checking '/home/dyyt/unitree_go2_description/install/unitree_go2_description' for CMake config files
[0.628s] Level 1:colcon.colcon_core.shell:create_environment_hook('unitree_go2_description', 'cmake_prefix_path')
[0.629s] INFO:colcon.colcon_core.shell:Creating environment hook '/home/dyyt/unitree_go2_description/install/unitree_go2_description/share/unitree_go2_description/hook/cmake_prefix_path.ps1'
[0.629s] INFO:colcon.colcon_core.shell:Creating environment descriptor '/home/dyyt/unitree_go2_description/install/unitree_go2_description/share/unitree_go2_description/hook/cmake_prefix_path.dsv'
[0.629s] INFO:colcon.colcon_core.shell:Creating environment hook '/home/dyyt/unitree_go2_description/install/unitree_go2_description/share/unitree_go2_description/hook/cmake_prefix_path.sh'
[0.629s] Level 1:colcon.colcon_core.environment:checking '/home/dyyt/unitree_go2_description/install/unitree_go2_description/bin'
[0.630s] Level 1:colcon.colcon_core.environment:checking '/home/dyyt/unitree_go2_description/install/unitree_go2_description/lib/pkgconfig/unitree_go2_description.pc'
[0.630s] Level 1:colcon.colcon_core.environment:checking '/home/dyyt/unitree_go2_description/install/unitree_go2_description/lib/python3.10/site-packages'
[0.630s] Level 1:colcon.colcon_core.environment:checking '/home/dyyt/unitree_go2_description/install/unitree_go2_description/bin'
[0.630s] INFO:colcon.colcon_core.shell:Creating package script '/home/dyyt/unitree_go2_description/install/unitree_go2_description/share/unitree_go2_description/package.ps1'
[0.630s] INFO:colcon.colcon_core.shell:Creating package descriptor '/home/dyyt/unitree_go2_description/install/unitree_go2_description/share/unitree_go2_description/package.dsv'
[0.631s] INFO:colcon.colcon_core.shell:Creating package script '/home/dyyt/unitree_go2_description/install/unitree_go2_description/share/unitree_go2_description/package.sh'
[0.631s] INFO:colcon.colcon_core.shell:Creating package script '/home/dyyt/unitree_go2_description/install/unitree_go2_description/share/unitree_go2_description/package.bash'
[0.631s] INFO:colcon.colcon_core.shell:Creating package script '/home/dyyt/unitree_go2_description/install/unitree_go2_description/share/unitree_go2_description/package.zsh'
[0.631s] Level 1:colcon.colcon_core.environment:create_file_with_runtime_dependencies(/home/dyyt/unitree_go2_description/install/unitree_go2_description/share/colcon-core/packages/unitree_go2_description)
[0.632s] DEBUG:colcon.colcon_parallel_executor.executor.parallel:closing loop
[0.632s] DEBUG:colcon.colcon_parallel_executor.executor.parallel:loop closed
[0.632s] DEBUG:colcon.colcon_parallel_executor.executor.parallel:run_until_complete finished with '0'
[0.632s] DEBUG:colcon.colcon_core.event_reactor:joining thread
[0.637s] INFO:colcon.colcon_core.plugin_system:Skipping extension 'colcon_notification.desktop_notification.terminal_notifier': Not used on non-Darwin systems
[0.637s] INFO:colcon.colcon_core.plugin_system:Skipping extension 'colcon_notification.desktop_notification.win32': Not used on non-Windows systems
[0.637s] INFO:colcon.colcon_notification.desktop_notification:Sending desktop notification using 'notify2'
[0.649s] DEBUG:colcon.colcon_core.event_reactor:joined thread
[0.649s] INFO:colcon.colcon_core.shell:Creating prefix script '/home/dyyt/unitree_go2_description/install/local_setup.ps1'
[0.651s] INFO:colcon.colcon_core.shell:Creating prefix util module '/home/dyyt/unitree_go2_description/install/_local_setup_util_ps1.py'
[0.653s] INFO:colcon.colcon_core.shell:Creating prefix chain script '/home/dyyt/unitree_go2_description/install/setup.ps1'
[0.653s] INFO:colcon.colcon_core.shell:Creating prefix script '/home/dyyt/unitree_go2_description/install/local_setup.sh'
[0.654s] INFO:colcon.colcon_core.shell:Creating prefix util module '/home/dyyt/unitree_go2_description/install/_local_setup_util_sh.py'
[0.654s] INFO:colcon.colcon_core.shell:Creating prefix chain script '/home/dyyt/unitree_go2_description/install/setup.sh'
[0.655s] INFO:colcon.colcon_core.shell:Creating prefix script '/home/dyyt/unitree_go2_description/install/local_setup.bash'
[0.655s] INFO:colcon.colcon_core.shell:Creating prefix chain script '/home/dyyt/unitree_go2_description/install/setup.bash'
[0.656s] INFO:colcon.colcon_core.shell:Creating prefix script '/home/dyyt/unitree_go2_description/install/local_setup.zsh'
[0.656s] INFO:colcon.colcon_core.shell:Creating prefix chain script '/home/dyyt/unitree_go2_description/install/setup.zsh'
